// Jest Snapshot v1, https://goo.gl/fbAQLP

exports[`App renders without crashing 1`] = `
<div
  className="container"
>
  <h1>
    BlankReact v1.0
  </h1>
  <p>
    Happy coding!
  </p>
</div>
`;
